{
  outfitId: 'sleeveless-dress',
  pose: 'arms-up',
  hairTips: [
    [ -0.09440979457706226, 1.1062930149688042, 0.21637690649358543 ],
    [ 0.09394969370350109, 1.1110968292388241, 0.22578642454281744 ]
  ],
  tested: 900,
  intersections: 0,
  worst: []
}
{
  outfitId: 'sleeveless-dress',
  pose: 'head-turn',
  hairTips: [
    [ -0.09440979457706226, 1.1062930149688042, 0.21637690649358543 ],
    [ 0.09394969370350109, 1.1110968292388241, 0.22578642454281744 ]
  ],
  tested: 496,
  intersections: 0,
  worst: []
}
{
  outfitId: 'constellation-blazer',
  pose: 'arms-up',
  hairTips: [
    [ -0.09440979457706226, 1.1062930149688042, 0.21637690649358543 ],
    [ 0.09394969370350109, 1.1110968292388241, 0.22578642454281744 ]
  ],
  tested: 932,
  intersections: 0,
  worst: []
}
{
  outfitId: 'constellation-blazer',
  pose: 'head-turn',
  hairTips: [
    [ -0.09440979457706226, 1.1062930149688042, 0.21637690649358543 ],
    [ 0.09394969370350109, 1.1110968292388241, 0.22578642454281744 ]
  ],
  tested: 523,
  intersections: 0,
  worst: []
}
{
  outfitId: 'comet-hoodie',
  pose: 'arms-up',
  hairTips: [
    [ -0.09440979457706226, 1.1062930149688042, 0.21637690649358543 ],
    [ 0.09394969370350109, 1.1110968292388241, 0.22578642454281744 ]
  ],
  tested: 922,
  intersections: 0,
  worst: []
}
{
  outfitId: 'comet-hoodie',
  pose: 'head-turn',
  hairTips: [
    [ -0.09440979457706226, 1.1062930149688042, 0.21637690649358543 ],
    [ 0.09394969370350109, 1.1110968292388241, 0.22578642454281744 ]
  ],
  tested: 471,
  intersections: 0,
  worst: []
}
