[
  {
    "material": 23,
    "primitiveIndex": 0,
    "parts": []
  },
  {
    "material": 24,
    "primitiveIndex": 1,
    "parts": []
  },
  {
    "material": 25,
    "primitiveIndex": 2,
    "parts": [
      {
        "id": 0,
        "triangleCount": 228,
        "bounds": {
          "min": [
            -0.08737354725599289,
            1.6352360248565674,
            -0.062990203499794
          ],
          "max": [
            0.0018753149779513478,
            1.6703044176101685,
            0.126532644033432
          ]
        }
      },
      {
        "id": 1,
        "triangleCount": 228,
        "bounds": {
          "min": [
            -0.0014852556632831693,
            1.6352368593215942,
            -0.06256040930747986
          ],
          "max": [
            0.08737395703792572,
            1.6703039407730103,
            0.1265326589345932
          ]
        }
      },
      {
        "id": 2,
        "triangleCount": 172,
        "bounds": {
          "min": [
            -0.06908721476793289,
            1.639147162437439,
            -0.03674643859267235
          ],
          "max": [
            0.0019237576052546501,
            1.666106939315796,
            0.10239141434431076
          ]
        }
      },
      {
        "id": 3,
        "triangleCount": 172,
        "bounds": {
          "min": [
            -0.0019256453961133957,
            1.6391476392745972,
            -0.036747876554727554
          ],
          "max": [
            0.06908654421567917,
            1.6661070585250854,
            0.10239183157682419
          ]
        }
      },
      {
        "id": 4,
        "triangleCount": 20,
        "bounds": {
          "min": [
            0.06408333033323288,
            1.6498528718948364,
            0.026044119149446487
          ],
          "max": [
            0.08275359123945236,
            1.6543959379196167,
            0.031737904995679855
          ]
        }
      },
      {
        "id": 5,
        "triangleCount": 20,
        "bounds": {
          "min": [
            -0.08275079727172852,
            1.6498574018478394,
            0.02604491636157036
          ],
          "max": [
            -0.0640825629234314,
            1.6543917655944824,
            0.03173814341425896
          ]
        }
      },
      {
        "id": 6,
        "triangleCount": 20,
        "bounds": {
          "min": [
            0.04694850370287895,
            1.6558223962783813,
            -0.024123474955558777
          ],
          "max": [
            0.0623827688395977,
            1.6611377000808716,
            -0.013561077415943146
          ]
        }
      },
      {
        "id": 7,
        "triangleCount": 20,
        "bounds": {
          "min": [
            -0.06238995119929314,
            1.6558196544647217,
            -0.024090781807899475
          ],
          "max": [
            -0.046922389417886734,
            1.661136269569397,
            -0.013576734811067581
          ]
        }
      },
      {
        "id": 8,
        "triangleCount": 20,
        "bounds": {
          "min": [
            0.04445016756653786,
            1.6431221961975098,
            0.08200697600841522
          ],
          "max": [
            0.06001163274049759,
            1.6490437984466553,
            0.0925292819738388
          ]
        }
      },
      {
        "id": 9,
        "triangleCount": 20,
        "bounds": {
          "min": [
            -0.05999559909105301,
            1.643122673034668,
            0.08198189735412598
          ],
          "max": [
            -0.04446937516331673,
            1.6490434408187866,
            0.09255757927894592
          ]
        }
      },
      {
        "id": 10,
        "triangleCount": 20,
        "bounds": {
          "min": [
            -0.003385712392628193,
            1.6400349140167236,
            0.10100171715021133
          ],
          "max": [
            0.0020611374638974667,
            1.6452237367630005,
            0.11955814808607101
          ]
        }
      },
      {
        "id": 11,
        "triangleCount": 20,
        "bounds": {
          "min": [
            -0.0023799471091479063,
            1.6600600481033325,
            -0.05352872237563133
          ],
          "max": [
            0.0031103251967579126,
            1.6653393507003784,
            -0.03494730219244957
          ]
        }
      },
      {
        "id": 12,
        "triangleCount": 20,
        "bounds": {
          "min": [
            -0.07497043162584305,
            1.6287745237350464,
            0.03077942505478859
          ],
          "max": [
            -0.07132474333047867,
            1.632777214050293,
            0.03326558321714401
          ]
        }
      },
      {
        "id": 13,
        "triangleCount": 20,
        "bounds": {
          "min": [
            0.07123512029647827,
            1.628769874572754,
            0.03082818165421486
          ],
          "max": [
            0.07506059855222702,
            1.63278329372406,
            0.0332166850566864
          ]
        }
      },
      {
        "id": 14,
        "triangleCount": 20,
        "bounds": {
          "min": [
            -0.07549964636564255,
            1.6192950010299683,
            0.030557649210095406
          ],
          "max": [
            -0.07046254724264145,
            1.6237454414367676,
            0.0340733602643013
          ]
        }
      },
      {
        "id": 15,
        "triangleCount": 20,
        "bounds": {
          "min": [
            0.07046341896057129,
            1.6192938089370728,
            0.030532818287611008
          ],
          "max": [
            0.07549873739480972,
            1.6237454414367676,
            0.034098055213689804
          ]
        }
      },
      {
        "id": 16,
        "triangleCount": 20,
        "bounds": {
          "min": [
            -0.08123040199279785,
            1.5769842863082886,
            0.026208367198705673
          ],
          "max": [
            -0.06683330237865448,
            1.6074507236480713,
            0.037348780781030655
          ]
        }
      },
      {
        "id": 17,
        "triangleCount": 20,
        "bounds": {
          "min": [
            0.06733381003141403,
            1.5769844055175781,
            0.026955341920256615
          ],
          "max": [
            0.0807303935289383,
            1.6074508428573608,
            0.0366038978099823
          ]
        }
      }
    ]
  }
]
