(node:10292) [DEP0174] DeprecationWarning: Calling promisify on a function that returns a Promise is likely a mistake.
(Use `node --trace-deprecation ...` to show where the warning was created)

> sunny@0.1.0 build
> npx tsx scripts/generate-game-registry.ts && tsc && npm run web:build

(node:10319) [DEP0174] DeprecationWarning: Calling promisify on a function that returns a Promise is likely a mistake.
(Use `node --trace-deprecation ...` to show where the warning was created)
  📋 gameRegistry.generated.ts written
(node:10429) [DEP0174] DeprecationWarning: Calling promisify on a function that returns a Promise is likely a mistake.
(Use `node --trace-deprecation ...` to show where the warning was created)

> sunny@0.1.0 web:build
> cd web && npm run build

(node:10457) [DEP0174] DeprecationWarning: Calling promisify on a function that returns a Promise is likely a mistake.
(Use `node --trace-deprecation ...` to show where the warning was created)

> web@0.0.0 build
> tsc -b && vite build

vite v8.0.0 building client environment for production...

transforming...Browserslist: browsers data (caniuse-lite) is 6 months old. Please run:
  npx update-browserslist-db@latest
  Why you should do it regularly: https://github.com/browserslist/update-db#readme
✓ 2478 modules transformed.
rendering chunks...
computing gzip size...
dist/index.html                              0.68 kB │ gzip:     0.38 kB
dist/assets/pdf.worker.min-qwK7q_zL.mjs  1,046.21 kB
dist/assets/index-DpTz6Err.css              78.96 kB │ gzip:    15.40 kB
dist/assets/FBXLoader-DnQlEhnL.js           43.48 kB │ gzip:    13.72 kB
dist/assets/html2canvas-BlbZ9y1P.js        199.57 kB │ gzip:    46.78 kB
dist/assets/index-COCH2rBQ.js            6,401.07 kB │ gzip: 1,649.42 kB

[EVAL] Warning: Use of direct `eval` function is strongly discouraged as it poses security risks and may cause issues with minification.
       ╭─[ node_modules/lottie-web/build/player/lottie.js:14422:33 ]
       │
 14422 │       var expression_function = eval('[function _expression_function(){' + val + ';scoped_bm_rt=$bm_rt}]')[0]; // eslint-disable-line no-eval
       │                                 ──┬─
       │                                   ╰─── Use of direct `eval` here.
       │
       │ Help: Consider using indirect eval. For more information, check the documentation: https://rolldown.rs/guide/troubleshooting#avoiding-direct-eval
───────╯

[plugin builtin:vite-reporter]
(!) Some chunks are larger than 500 kB after minification. Consider:
- Using dynamic import() to code-split the application
- Use build.rolldownOptions.output.codeSplitting to improve chunking: https://rolldown.rs/reference/OutputOptions.codeSplitting
- Adjust chunk size limit for this warning via build.chunkSizeWarningLimit.
✓ built in 2.69s
