(node:68367) [DEP0174] DeprecationWarning: Calling promisify on a function that returns a Promise is likely a mistake.
(Use `node --trace-deprecation ...` to show where the warning was created)

> sunny@0.1.0 build
> npx tsx scripts/generate-game-registry.ts && tsc && npm run web:build

(node:68394) [DEP0174] DeprecationWarning: Calling promisify on a function that returns a Promise is likely a mistake.
(Use `node --trace-deprecation ...` to show where the warning was created)
  📋 gameRegistry.generated.ts written
(node:68499) [DEP0174] DeprecationWarning: Calling promisify on a function that returns a Promise is likely a mistake.
(Use `node --trace-deprecation ...` to show where the warning was created)

> sunny@0.1.0 web:build
> cd web && npm run build

(node:68526) [DEP0174] DeprecationWarning: Calling promisify on a function that returns a Promise is likely a mistake.
(Use `node --trace-deprecation ...` to show where the warning was created)

> web@0.0.0 build
> tsc -b && vite build

vite v8.0.0 building client environment for production...
[2Ktransforming...Browserslist: browsers data (caniuse-lite) is 6 months old. Please run:
  npx update-browserslist-db@latest
  Why you should do it regularly: https://github.com/browserslist/update-db#readme
✓ 2475 modules transformed.
rendering chunks...
computing gzip size...
dist/index.html                              0.68 kB │ gzip:     0.38 kB
dist/assets/pdf.worker.min-qwK7q_zL.mjs  1,046.21 kB
dist/assets/index-DpTz6Err.css              78.96 kB │ gzip:    15.40 kB
dist/assets/FBXLoader-C1-uiNVK.js           43.48 kB │ gzip:    13.72 kB
dist/assets/html2canvas-D_oLj4TB.js        199.57 kB │ gzip:    46.78 kB
dist/assets/index-8TAMN5VV.js            6,399.50 kB │ gzip: 1,648.90 kB

[33m[EVAL] Warning:[0m Use of direct `eval` function is strongly discouraged as it poses security risks and may cause issues with minification.
       [38;5;246m╭[0m[38;5;246m─[0m[38;5;246m[[0m node_modules/lottie-web/build/player/lottie.js:14422:33 [38;5;246m][0m
       [38;5;246m│[0m
 [38;5;246m14422 │[0m [38;5;249m [0m[38;5;249m [0m[38;5;249m [0m[38;5;249m [0m[38;5;249m [0m[38;5;249m [0m[38;5;249mv[0m[38;5;249ma[0m[38;5;249mr[0m[38;5;249m [0m[38;5;249me[0m[38;5;249mx[0m[38;5;249mp[0m[38;5;249mr[0m[38;5;249me[0m[38;5;249ms[0m[38;5;249ms[0m[38;5;249mi[0m[38;5;249mo[0m[38;5;249mn[0m[38;5;249m_[0m[38;5;249mf[0m[38;5;249mu[0m[38;5;249mn[0m[38;5;249mc[0m[38;5;249mt[0m[38;5;249mi[0m[38;5;249mo[0m[38;5;249mn[0m[38;5;249m [0m[38;5;249m=[0m[38;5;249m [0meval[38;5;249m([0m[38;5;249m'[0m[38;5;249m[[0m[38;5;249mf[0m[38;5;249mu[0m[38;5;249mn[0m[38;5;249mc[0m[38;5;249mt[0m[38;5;249mi[0m[38;5;249mo[0m[38;5;249mn[0m[38;5;249m [0m[38;5;249m_[0m[38;5;249me[0m[38;5;249mx[0m[38;5;249mp[0m[38;5;249mr[0m[38;5;249me[0m[38;5;249ms[0m[38;5;249ms[0m[38;5;249mi[0m[38;5;249mo[0m[38;5;249mn[0m[38;5;249m_[0m[38;5;249mf[0m[38;5;249mu[0m[38;5;249mn[0m[38;5;249mc[0m[38;5;249mt[0m[38;5;249mi[0m[38;5;249mo[0m[38;5;249mn[0m[38;5;249m([0m[38;5;249m)[0m[38;5;249m{[0m[38;5;249m'[0m[38;5;249m [0m[38;5;249m+[0m[38;5;249m [0m[38;5;249mv[0m[38;5;249ma[0m[38;5;249ml[0m[38;5;249m [0m[38;5;249m+[0m[38;5;249m [0m[38;5;249m'[0m[38;5;249m;[0m[38;5;249ms[0m[38;5;249mc[0m[38;5;249mo[0m[38;5;249mp[0m[38;5;249me[0m[38;5;249md[0m[38;5;249m_[0m[38;5;249mb[0m[38;5;249mm[0m[38;5;249m_[0m[38;5;249mr[0m[38;5;249mt[0m[38;5;249m=[0m[38;5;249m$[0m[38;5;249mb[0m[38;5;249mm[0m[38;5;249m_[0m[38;5;249mr[0m[38;5;249mt[0m[38;5;249m}[0m[38;5;249m][0m[38;5;249m'[0m[38;5;249m)[0m[38;5;249m[[0m[38;5;249m0[0m[38;5;249m][0m[38;5;249m;[0m[38;5;249m [0m[38;5;249m/[0m[38;5;249m/[0m[38;5;249m [0m[38;5;249me[0m[38;5;249ms[0m[38;5;249ml[0m[38;5;249mi[0m[38;5;249mn[0m[38;5;249mt[0m[38;5;249m-[0m[38;5;249md[0m[38;5;249mi[0m[38;5;249ms[0m[38;5;249ma[0m[38;5;249mb[0m[38;5;249ml[0m[38;5;249me[0m[38;5;249m-[0m[38;5;249ml[0m[38;5;249mi[0m[38;5;249mn[0m[38;5;249me[0m[38;5;249m [0m[38;5;249mn[0m[38;5;249mo[0m[38;5;249m-[0m[38;5;249me[0m[38;5;249mv[0m[38;5;249ma[0m[38;5;249ml[0m
 [38;5;240m      │[0m                                 ──┬─  
 [38;5;240m      │[0m                                   ╰─── Use of direct `eval` here.
 [38;5;240m      │[0m 
 [38;5;240m      │[0m [38;5;115mHelp[0m: Consider using indirect eval. For more information, check the documentation: https://rolldown.rs/guide/troubleshooting#avoiding-direct-eval
[38;5;246m───────╯[0m

[plugin builtin:vite-reporter] 
(!) Some chunks are larger than 500 kB after minification. Consider:
- Using dynamic import() to code-split the application
- Use build.rolldownOptions.output.codeSplitting to improve chunking: https://rolldown.rs/reference/OutputOptions.codeSplitting
- Adjust chunk size limit for this warning via build.chunkSizeWarningLimit.
[33m[PLUGIN_TIMINGS] Warning:[0m Your build spent significant time in plugins. Here is a breakdown:
  - vite:css (41%)
  - vite:css-post (16%)
  - vite:asset-import-meta-url (16%)
See https://rolldown.rs/options/checks#plugintimings for more details.

✓ built in 3.31s
