[vite] connecting...
[vite] connected.
%cDownload the React DevTools for a better development experience: https://react.dev/link/react-devtools font-weight:bold
 🎮 [wardrobe-selection] loading selection=["elli","/companions/sample.vrm",null,"none",null,"none"]
 🎮 [wardrobe-selection] loading selection=["elli","/companions/elli-wardrobe-identity-preserved-v1.vrm",null,"sleeveless-dress",{"id":"sleeveless-dress","tint":"#ffffff"},"none"]
 🎮 [wardrobe-certification-lab] preview_selected result=candidate companion=elli item=sleeveless-dress template=ribbon-dress
 🎮 [deepgram-video-call-stt] [stop] [ok]
 🎮 [showroom-video-chat] camera_off
 🎮 [wardrobe-selection] cancelled selection=["elli","/companions/sample.vrm",null,"none",null,"none"]
 🎮 [wardrobe-selection] cancelled selection=["elli","/companions/elli-wardrobe-identity-preserved-v1.vrm",null,"sleeveless-dress",{"id":"sleeveless-dress","tint":"#ffffff"},"none"]
 🎮 [wardrobe-selection] loading selection=["elli","/companions/sample.vrm",null,"none",null,"none"]
 🎮 [wardrobe-selection] loading selection=["elli","/companions/elli-wardrobe-identity-preserved-v1.vrm",null,"sleeveless-dress",{"id":"sleeveless-dress","tint":"#ffffff"},"none"]
 🎮 [wardrobe-certification-lab] preview_selected result=candidate companion=elli item=sleeveless-dress template=ribbon-dress
 🎮 [wardrobe-selection] cancelled selection=["elli","/companions/sample.vrm",null,"none",null,"none"]
 🎮 [wardrobe-selection] cancelled selection=["elli","/companions/elli-wardrobe-identity-preserved-v1.vrm",null,"sleeveless-dress",{"id":"sleeveless-dress","tint":"#ffffff"},"none"]
 🎮 [wardrobe-selection] loading selection=["matilda","/companions/673852811403133503.vrm",null,"none",null,"none"]
 🎮 [wardrobe-selection] loading selection=["matilda","/companions/matilda-wardrobe-identity-preserved-v1.vrm",null,"sleeveless-dress",{"id":"sleeveless-dress","tint":"#ffffff"},"none"]
 🎮 [wardrobe-certification-lab] preview_selected result=candidate companion=matilda item=sleeveless-dress template=ribbon-dress
 🎮 [wardrobe-selection] cancelled selection=["matilda","/companions/673852811403133503.vrm",null,"none",null,"none"]
 🎮 [wardrobe-selection] loading selection=["matilda","/companions/673852811403133503.vrm",null,"none",null,"none"]
 🎮 [wardrobe-selection] cancelled selection=["matilda","/companions/matilda-wardrobe-identity-preserved-v1.vrm",null,"sleeveless-dress",{"id":"sleeveless-dress","tint":"#ffffff"},"none"]
 🎮 [wardrobe-selection] loading selection=["matilda","/companions/matilda-wardrobe-identity-preserved-v1.vrm",null,"sleeveless-dress",{"id":"sleeveless-dress","tint":"#ffffff"},"none"]
[VRM] Full capability audit
Expressions available: [aa, angry, blink, blinkLeft, blinkRight, ee, happy, ih, lookDown, lookLeft, lookRight, lookUp, neutral, oh, ou, relaxed, sad, surprised]
Humanoid bones: [chest, head, hips, leftEye, leftFoot, leftHand, leftIndexDistal, leftIndexIntermediate, leftIndexProximal, leftLittleDistal, leftLittleIntermediate, leftLittleProximal, leftLowerArm, leftLowerLeg, leftMiddleDistal, leftMiddleIntermediate, leftMiddleProximal, leftRingDistal, leftRingIntermediate, leftRingProximal, leftShoulder, leftThumbDistal, leftThumbMetacarpal, leftThumbProximal, leftToes, leftUpperArm, leftUpperLeg, neck, rightEye, rightFoot, rightHand, rightIndexDistal, rightIndexIntermediate, rightIndexProximal, rightLittleDistal, rightLittleIntermediate, rightLittleProximal, rightLowerArm, rightLowerLeg, rightMiddleDistal, rightMiddleIntermediate, rightMiddleProximal, rightRingDistal, rightRingIntermediate, rightRingProximal, rightShoulder, rightThumbDistal, rightThumbMetacarpal, rightThumbProximal, rightToes, rightUpperArm, rightUpperLeg, spine, upperChest]
VRM version: 1
Has expressionManager: true
Has humanoid: true
Has springBoneManager: true
console.groupEnd
[VRM] Full capability audit
Expressions available: [aa, angry, blink, blinkLeft, blinkRight, ee, happy, ih, lookDown, lookLeft, lookRight, lookUp, neutral, oh, ou, relaxed, sad, surprised]
Humanoid bones: [chest, head, hips, leftEye, leftFoot, leftHand, leftIndexDistal, leftIndexIntermediate, leftIndexProximal, leftLittleDistal, leftLittleIntermediate, leftLittleProximal, leftLowerArm, leftLowerLeg, leftMiddleDistal, leftMiddleIntermediate, leftMiddleProximal, leftRingDistal, leftRingIntermediate, leftRingProximal, leftShoulder, leftThumbDistal, leftThumbMetacarpal, leftThumbProximal, leftToes, leftUpperArm, leftUpperLeg, neck, rightEye, rightFoot, rightHand, rightIndexDistal, rightIndexIntermediate, rightIndexProximal, rightLittleDistal, rightLittleIntermediate, rightLittleProximal, rightLowerArm, rightLowerLeg, rightMiddleDistal, rightMiddleIntermediate, rightMiddleProximal, rightRingDistal, rightRingIntermediate, rightRingProximal, rightShoulder, rightThumbDistal, rightThumbMetacarpal, rightThumbProximal, rightToes, rightUpperArm, rightUpperLeg, spine, upperChest]
VRM version: 1
Has expressionManager: true
Has humanoid: true
Has springBoneManager: true
console.groupEnd
[VRM] Full capability audit
Expressions available: [neutral, aa, ih, ou, ee, oh, blink, blinkLeft, blinkRight, angry, relaxed, happy, sad, Surprised]
Humanoid bones: [hips, leftUpperLeg, rightUpperLeg, leftLowerLeg, rightLowerLeg, leftFoot, rightFoot, spine, chest, neck, head, leftShoulder, rightShoulder, leftUpperArm, rightUpperArm, leftLowerArm, rightLowerArm, leftHand, rightHand, leftToes, rightToes, leftEye, rightEye, leftThumbMetacarpal, leftThumbProximal, leftThumbDistal, leftIndexProximal, leftIndexIntermediate, leftIndexDistal, leftMiddleProximal, leftMiddleIntermediate, leftMiddleDistal, leftRingProximal, leftRingIntermediate, leftRingDistal, leftLittleProximal, leftLittleIntermediate, leftLittleDistal, rightThumbMetacarpal, rightThumbProximal, rightThumbDistal, rightIndexProximal, rightIndexIntermediate, rightIndexDistal, rightMiddleProximal, rightMiddleIntermediate, rightMiddleDistal, rightRingProximal, rightRingIntermediate, rightRingDistal, rightLittleProximal, rightLittleIntermediate, rightLittleDistal, upperChest]
VRM version: 0
Has expressionManager: true
Has humanoid: true
Has springBoneManager: true
console.groupEnd
[VRM] Full capability audit
Expressions available: [neutral, aa, ih, ou, ee, oh, blink, blinkLeft, blinkRight, angry, relaxed, happy, sad, Surprised]
Humanoid bones: [hips, leftUpperLeg, rightUpperLeg, leftLowerLeg, rightLowerLeg, leftFoot, rightFoot, spine, chest, neck, head, leftShoulder, rightShoulder, leftUpperArm, rightUpperArm, leftLowerArm, rightLowerArm, leftHand, rightHand, leftToes, rightToes, leftEye, rightEye, leftThumbMetacarpal, leftThumbProximal, leftThumbDistal, leftIndexProximal, leftIndexIntermediate, leftIndexDistal, leftMiddleProximal, leftMiddleIntermediate, leftMiddleDistal, leftRingProximal, leftRingIntermediate, leftRingDistal, leftLittleProximal, leftLittleIntermediate, leftLittleDistal, rightThumbMetacarpal, rightThumbProximal, rightThumbDistal, rightIndexProximal, rightIndexIntermediate, rightIndexDistal, rightMiddleProximal, rightMiddleIntermediate, rightMiddleDistal, rightRingProximal, rightRingIntermediate, rightRingDistal, rightLittleProximal, rightLittleIntermediate, rightLittleDistal, upperChest]
VRM version: 0
Has expressionManager: true
Has humanoid: true
Has springBoneManager: true
console.groupEnd
 🎮 [companion-wardrobe-lab] avatar_bind_pose captured bones=222
🎮 [CompanionMotor] [animation-fetch] [start] name="idle" url=http://127.0.0.1:5197/animations/idle.fbx
 🎮 [wardrobe-compatibility-lab] source_loaded result=settled case=matilda-standard-body-identity slot=matilda
 🎮 [wardrobe-identity-lab] preview_settled result=ready companion=matilda identity=base
[VRM] Full capability audit
Expressions available: [neutral, aa, ih, ou, ee, oh, blink, blinkLeft, blinkRight, angry, relaxed, happy, sad, Surprised]
Humanoid bones: [hips, leftUpperLeg, rightUpperLeg, leftLowerLeg, rightLowerLeg, leftFoot, rightFoot, spine, chest, neck, head, leftShoulder, rightShoulder, leftUpperArm, rightUpperArm, leftLowerArm, rightLowerArm, leftHand, rightHand, leftToes, rightToes, leftEye, rightEye, leftThumbMetacarpal, leftThumbProximal, leftThumbDistal, leftIndexProximal, leftIndexIntermediate, leftIndexDistal, leftMiddleProximal, leftMiddleIntermediate, leftMiddleDistal, leftRingProximal, leftRingIntermediate, leftRingDistal, leftLittleProximal, leftLittleIntermediate, leftLittleDistal, rightThumbMetacarpal, rightThumbProximal, rightThumbDistal, rightIndexProximal, rightIndexIntermediate, rightIndexDistal, rightMiddleProximal, rightMiddleIntermediate, rightMiddleDistal, rightRingProximal, rightRingIntermediate, rightRingDistal, rightLittleProximal, rightLittleIntermediate, rightLittleDistal, upperChest]
VRM version: 0
Has expressionManager: true
Has humanoid: true
Has springBoneManager: true
console.groupEnd
[VRM] Full capability audit
Expressions available: [neutral, aa, ih, ou, ee, oh, blink, blinkLeft, blinkRight, angry, relaxed, happy, sad, Surprised]
Humanoid bones: [hips, leftUpperLeg, rightUpperLeg, leftLowerLeg, rightLowerLeg, leftFoot, rightFoot, spine, chest, neck, head, leftShoulder, rightShoulder, leftUpperArm, rightUpperArm, leftLowerArm, rightLowerArm, leftHand, rightHand, leftToes, rightToes, leftEye, rightEye, leftThumbMetacarpal, leftThumbProximal, leftThumbDistal, leftIndexProximal, leftIndexIntermediate, leftIndexDistal, leftMiddleProximal, leftMiddleIntermediate, leftMiddleDistal, leftRingProximal, leftRingIntermediate, leftRingDistal, leftLittleProximal, leftLittleIntermediate, leftLittleDistal, rightThumbMetacarpal, rightThumbProximal, rightThumbDistal, rightIndexProximal, rightIndexIntermediate, rightIndexDistal, rightMiddleProximal, rightMiddleIntermediate, rightMiddleDistal, rightRingProximal, rightRingIntermediate, rightRingDistal, rightLittleProximal, rightLittleIntermediate, rightLittleDistal, upperChest]
VRM version: 0
Has expressionManager: true
Has humanoid: true
Has springBoneManager: true
console.groupEnd
 🎮 [companion-wardrobe-lab] avatar_bind_pose captured bones=222
🎮 [CompanionMotor] [animation-fetch] [start] name="idle" url=http://127.0.0.1:5197/animations/idle.fbx
 🎮 [wardrobe-compatibility-lab] candidate_preview allowed outfit=sleeveless-dress model=/companions/matilda-wardrobe-identity-preserved-v1.vrm
 🎮 [companion-wardrobe-lab] base_clothing visibility=false materials=20
 🎮 [companion-wardrobe-lab] downloaded_outfit applied outfit=sleeveless-dress variant=sleeveless-dress vertices=6282 fit_scale=1.0783 surface_offset=0.025
 🎮 [companion-wardrobe-lab] base_clothing visibility=true materials=20
 🎮 [companion-wardrobe-lab] base_clothing visibility=false materials=20
 🎮 [wardrobe-compatibility-lab] model_loaded result=settled case=matilda-standard-body-identity slot=matilda
 🎮 [wardrobe-identity-lab] preview_settled result=ready companion=matilda identity=base
🎮 [mixamoRetarget] [compat] [mirrored-arm-rest-x]
🎮 [CompanionMotor] [animation-fetch] [ok] name="idle" retargetedTracks=53
🎮 [mixamoRetarget] [compat] [mirrored-arm-rest-x]
🎮 [CompanionMotor] [animation-fetch] [ok] name="idle" retargetedTracks=53
🎮 [CompanionMotor] [animate] [play] "idle" tracks=53 loop=true
🎮 [CompanionMotor] [animate] [play] "idle" tracks=53 loop=true
[VRM] Full capability audit
Expressions available: [aa, angry, blink, blinkLeft, blinkRight, ee, happy, ih, lookDown, lookLeft, lookRight, lookUp, neutral, oh, ou, relaxed, sad, surprised]
Humanoid bones: [chest, head, hips, leftEye, leftFoot, leftHand, leftIndexDistal, leftIndexIntermediate, leftIndexProximal, leftLittleDistal, leftLittleIntermediate, leftLittleProximal, leftLowerArm, leftLowerLeg, leftMiddleDistal, leftMiddleIntermediate, leftMiddleProximal, leftRingDistal, leftRingIntermediate, leftRingProximal, leftShoulder, leftThumbDistal, leftThumbMetacarpal, leftThumbProximal, leftToes, leftUpperArm, leftUpperLeg, neck, rightEye, rightFoot, rightHand, rightIndexDistal, rightIndexIntermediate, rightIndexProximal, rightLittleDistal, rightLittleIntermediate, rightLittleProximal, rightLowerArm, rightLowerLeg, rightMiddleDistal, rightMiddleIntermediate, rightMiddleProximal, rightRingDistal, rightRingIntermediate, rightRingProximal, rightShoulder, rightThumbDistal, rightThumbMetacarpal, rightThumbProximal, rightToes, rightUpperArm, rightUpperLeg, spine, upperChest]
VRM version: 1
Has expressionManager: true
Has humanoid: true
Has springBoneManager: true
console.groupEnd
[VRM] Full capability audit
Expressions available: [aa, angry, blink, blinkLeft, blinkRight, ee, happy, ih, lookDown, lookLeft, lookRight, lookUp, neutral, oh, ou, relaxed, sad, surprised]
Humanoid bones: [chest, head, hips, leftEye, leftFoot, leftHand, leftIndexDistal, leftIndexIntermediate, leftIndexProximal, leftLittleDistal, leftLittleIntermediate, leftLittleProximal, leftLowerArm, leftLowerLeg, leftMiddleDistal, leftMiddleIntermediate, leftMiddleProximal, leftRingDistal, leftRingIntermediate, leftRingProximal, leftShoulder, leftThumbDistal, leftThumbMetacarpal, leftThumbProximal, leftToes, leftUpperArm, leftUpperLeg, neck, rightEye, rightFoot, rightHand, rightIndexDistal, rightIndexIntermediate, rightIndexProximal, rightLittleDistal, rightLittleIntermediate, rightLittleProximal, rightLowerArm, rightLowerLeg, rightMiddleDistal, rightMiddleIntermediate, rightMiddleProximal, rightRingDistal, rightRingIntermediate, rightRingProximal, rightShoulder, rightThumbDistal, rightThumbMetacarpal, rightThumbProximal, rightToes, rightUpperArm, rightUpperLeg, spine, upperChest]
VRM version: 1
Has expressionManager: true
Has humanoid: true
Has springBoneManager: true
console.groupEnd
 🎮 [wardrobe-selection] cancelled selection=["matilda","/companions/673852811403133503.vrm",null,"none",null,"none"]
 🎮 [wardrobe-selection] cancelled selection=["matilda","/companions/matilda-wardrobe-identity-preserved-v1.vrm",null,"sleeveless-dress",{"id":"sleeveless-dress","tint":"#ffffff"},"none"]
 🎮 [wardrobe-selection] loading selection=["elli","/companions/sample.vrm",null,"none",null,"none"]
 🎮 [wardrobe-selection] loading selection=["elli","/companions/elli-wardrobe-identity-preserved-v1.vrm",null,"sleeveless-dress",{"id":"sleeveless-dress","tint":"#ffffff"},"none"]
 🎮 [wardrobe-certification-lab] preview_selected result=candidate companion=elli item=sleeveless-dress template=ribbon-dress
 🎮 [wardrobe-selection] cancelled selection=["elli","/companions/sample.vrm",null,"none",null,"none"]
 🎮 [wardrobe-selection] loading selection=["elli","/companions/sample.vrm",null,"none",null,"none"]
 🎮 [wardrobe-selection] cancelled selection=["elli","/companions/elli-wardrobe-identity-preserved-v1.vrm",null,"sleeveless-dress",{"id":"sleeveless-dress","tint":"#ffffff"},"none"]
 🎮 [wardrobe-selection] loading selection=["elli","/companions/elli-wardrobe-identity-preserved-v1.vrm",null,"sleeveless-dress",{"id":"sleeveless-dress","tint":"#ffffff"},"none"]
[VRM] Full capability audit
Expressions available: [aa, angry, blink, blinkLeft, blinkRight, ee, happy, ih, lookDown, lookLeft, lookRight, lookUp, neutral, oh, ou, relaxed, sad, surprised]
Humanoid bones: [chest, head, hips, leftEye, leftFoot, leftHand, leftIndexDistal, leftIndexIntermediate, leftIndexProximal, leftLittleDistal, leftLittleIntermediate, leftLittleProximal, leftLowerArm, leftLowerLeg, leftMiddleDistal, leftMiddleIntermediate, leftMiddleProximal, leftRingDistal, leftRingIntermediate, leftRingProximal, leftShoulder, leftThumbDistal, leftThumbMetacarpal, leftThumbProximal, leftToes, leftUpperArm, leftUpperLeg, neck, rightEye, rightFoot, rightHand, rightIndexDistal, rightIndexIntermediate, rightIndexProximal, rightLittleDistal, rightLittleIntermediate, rightLittleProximal, rightLowerArm, rightLowerLeg, rightMiddleDistal, rightMiddleIntermediate, rightMiddleProximal, rightRingDistal, rightRingIntermediate, rightRingProximal, rightShoulder, rightThumbDistal, rightThumbMetacarpal, rightThumbProximal, rightToes, rightUpperArm, rightUpperLeg, spine, upperChest]
VRM version: 1
Has expressionManager: true
Has humanoid: true
Has springBoneManager: true
console.groupEnd
[VRM] Full capability audit
Expressions available: [aa, angry, blink, blinkLeft, blinkRight, ee, happy, ih, lookDown, lookLeft, lookRight, lookUp, neutral, oh, ou, relaxed, sad, surprised]
Humanoid bones: [chest, head, hips, leftEye, leftFoot, leftHand, leftIndexDistal, leftIndexIntermediate, leftIndexProximal, leftLittleDistal, leftLittleIntermediate, leftLittleProximal, leftLowerArm, leftLowerLeg, leftMiddleDistal, leftMiddleIntermediate, leftMiddleProximal, leftRingDistal, leftRingIntermediate, leftRingProximal, leftShoulder, leftThumbDistal, leftThumbMetacarpal, leftThumbProximal, leftToes, leftUpperArm, leftUpperLeg, neck, rightEye, rightFoot, rightHand, rightIndexDistal, rightIndexIntermediate, rightIndexProximal, rightLittleDistal, rightLittleIntermediate, rightLittleProximal, rightLowerArm, rightLowerLeg, rightMiddleDistal, rightMiddleIntermediate, rightMiddleProximal, rightRingDistal, rightRingIntermediate, rightRingProximal, rightShoulder, rightThumbDistal, rightThumbMetacarpal, rightThumbProximal, rightToes, rightUpperArm, rightUpperLeg, spine, upperChest]
VRM version: 1
Has expressionManager: true
Has humanoid: true
Has springBoneManager: true
console.groupEnd
 🎮 [companion-wardrobe-lab] avatar_bind_pose captured bones=154
🎮 [CompanionMotor] [animation-fetch] [start] name="idle" url=http://127.0.0.1:5197/animations/idle.fbx
 🎮 [wardrobe-compatibility-lab] source_loaded result=settled case=elli-store-reference slot=elli
 🎮 [wardrobe-identity-lab] preview_settled result=ready companion=elli identity=base
[VRM] Full capability audit
Expressions available: [aa, angry, blink, blinkLeft, blinkRight, ee, happy, ih, lookDown, lookLeft, lookRight, lookUp, neutral, oh, ou, relaxed, sad, surprised]
Humanoid bones: [chest, head, hips, leftEye, leftFoot, leftHand, leftIndexDistal, leftIndexIntermediate, leftIndexProximal, leftLittleDistal, leftLittleIntermediate, leftLittleProximal, leftLowerArm, leftLowerLeg, leftMiddleDistal, leftMiddleIntermediate, leftMiddleProximal, leftRingDistal, leftRingIntermediate, leftRingProximal, leftShoulder, leftThumbDistal, leftThumbMetacarpal, leftThumbProximal, leftToes, leftUpperArm, leftUpperLeg, neck, rightEye, rightFoot, rightHand, rightIndexDistal, rightIndexIntermediate, rightIndexProximal, rightLittleDistal, rightLittleIntermediate, rightLittleProximal, rightLowerArm, rightLowerLeg, rightMiddleDistal, rightMiddleIntermediate, rightMiddleProximal, rightRingDistal, rightRingIntermediate, rightRingProximal, rightShoulder, rightThumbDistal, rightThumbMetacarpal, rightThumbProximal, rightToes, rightUpperArm, rightUpperLeg, spine, upperChest]
VRM version: 1
Has expressionManager: true
Has humanoid: true
Has springBoneManager: true
console.groupEnd
 🎮 [companion-wardrobe-lab] avatar_bind_pose captured bones=154
🎮 [CompanionMotor] [animation-fetch] [start] name="idle" url=http://127.0.0.1:5197/animations/idle.fbx
 🎮 [wardrobe-compatibility-lab] candidate_preview allowed outfit=sleeveless-dress model=/companions/elli-wardrobe-identity-preserved-v1.vrm
[VRM] Full capability audit
Expressions available: [aa, angry, blink, blinkLeft, blinkRight, ee, happy, ih, lookDown, lookLeft, lookRight, lookUp, neutral, oh, ou, relaxed, sad, surprised]
Humanoid bones: [chest, head, hips, leftEye, leftFoot, leftHand, leftIndexDistal, leftIndexIntermediate, leftIndexProximal, leftLittleDistal, leftLittleIntermediate, leftLittleProximal, leftLowerArm, leftLowerLeg, leftMiddleDistal, leftMiddleIntermediate, leftMiddleProximal, leftRingDistal, leftRingIntermediate, leftRingProximal, leftShoulder, leftThumbDistal, leftThumbMetacarpal, leftThumbProximal, leftToes, leftUpperArm, leftUpperLeg, neck, rightEye, rightFoot, rightHand, rightIndexDistal, rightIndexIntermediate, rightIndexProximal, rightLittleDistal, rightLittleIntermediate, rightLittleProximal, rightLowerArm, rightLowerLeg, rightMiddleDistal, rightMiddleIntermediate, rightMiddleProximal, rightRingDistal, rightRingIntermediate, rightRingProximal, rightShoulder, rightThumbDistal, rightThumbMetacarpal, rightThumbProximal, rightToes, rightUpperArm, rightUpperLeg, spine, upperChest]
VRM version: 1
Has expressionManager: true
Has humanoid: true
Has springBoneManager: true
console.groupEnd
 🎮 [companion-wardrobe-lab] base_clothing visibility=false materials=4
 🎮 [companion-wardrobe-lab] downloaded_outfit applied outfit=sleeveless-dress variant=sleeveless-dress vertices=6282 fit_scale=1.0935 surface_offset=0.025
 🎮 [companion-wardrobe-lab] base_clothing visibility=true materials=4
 🎮 [companion-wardrobe-lab] base_clothing visibility=false materials=4
 🎮 [wardrobe-compatibility-lab] model_loaded result=settled case=elli-store-reference slot=elli
 🎮 [wardrobe-identity-lab] preview_settled result=ready companion=elli identity=base
🎮 [CompanionMotor] [animation-fetch] [ok] name="idle" retargetedTracks=53
🎮 [CompanionMotor] [animation-fetch] [ok] name="idle" retargetedTracks=53
🎮 [CompanionMotor] [animate] [play] "idle" tracks=53 loop=true
🎮 [CompanionMotor] [animate] [play] "idle" tracks=53 loop=true
 🎮 [wardrobe-selection] cancelled selection=["elli","/companions/sample.vrm",null,"none",null,"none"]
 🎮 [wardrobe-selection] cancelled selection=["elli","/companions/elli-wardrobe-identity-preserved-v1.vrm",null,"sleeveless-dress",{"id":"sleeveless-dress","tint":"#ffffff"},"none"]
 🎮 [wardrobe-selection] loading selection=["matilda","/companions/673852811403133503.vrm",null,"none",null,"none"]
 🎮 [wardrobe-selection] loading selection=["matilda","/companions/matilda-wardrobe-identity-preserved-v1.vrm",null,"sleeveless-dress",{"id":"sleeveless-dress","tint":"#ffffff"},"none"]
 🎮 [wardrobe-certification-lab] preview_selected result=candidate companion=matilda item=sleeveless-dress template=ribbon-dress
 🎮 [wardrobe-selection] cancelled selection=["matilda","/companions/673852811403133503.vrm",null,"none",null,"none"]
 🎮 [wardrobe-selection] loading selection=["matilda","/companions/673852811403133503.vrm",null,"none",null,"none"]
 🎮 [wardrobe-selection] cancelled selection=["matilda","/companions/matilda-wardrobe-identity-preserved-v1.vrm",null,"sleeveless-dress",{"id":"sleeveless-dress","tint":"#ffffff"},"none"]
 🎮 [wardrobe-selection] loading selection=["matilda","/companions/matilda-wardrobe-identity-preserved-v1.vrm",null,"sleeveless-dress",{"id":"sleeveless-dress","tint":"#ffffff"},"none"]
Failed to load resource: net::ERR_FAILED
CompanionShowroom: failed to load VRM — TypeError: Failed to fetch
    at FileLoader.load (http://127.0.0.1:5197/node_modules/.vite/deps/three.core-f0FOnQUR.js?v=f4ea2192:30484:3)
    at GLTFLoader.load (http://127.0.0.1:5197/node_modules/.vite/deps/three_examples_jsm_loaders_GLTFLoader__js.js?v=e43c40ed:244:10)
    at http://127.0.0.1:5197/node_modules/.vite/deps/three.core-f0FOnQUR.js?v=f4ea2192:30290:10
    at new Promise (<anonymous>)
    at GLTFLoader.loadAsync (http://127.0.0.1:5197/node_modules/.vite/deps/three.core-f0FOnQUR.js?v=f4ea2192:30289:10)
    at loadCompanionVrm (http://127.0.0.1:5197/src/utils/loadCompanionVrm.ts:18:28)
    at finishSetup (http://127.0.0.1:5197/src/components/CompanionShowroom.tsx?t=1788631694748:2334:4)
    at http://127.0.0.1:5197/src/components/CompanionShowroom.tsx?t=1788631694748:2492:4
    at http://127.0.0.1:5197/src/components/CompanionShowroom.tsx?t=1788631694748:2493:5
    at Object.react_stack_bottom_frame (http://127.0.0.1:5197/node_modules/.vite/deps/react-dom_client.js?v=625f2f14:12904:13)
CompanionShowroom: failed to load VRM — TypeError: Failed to fetch
    at FileLoader.load (http://127.0.0.1:5197/node_modules/.vite/deps/three.core-f0FOnQUR.js?v=f4ea2192:30484:3)
    at GLTFLoader.load (http://127.0.0.1:5197/node_modules/.vite/deps/three_examples_jsm_loaders_GLTFLoader__js.js?v=e43c40ed:244:10)
    at http://127.0.0.1:5197/node_modules/.vite/deps/three.core-f0FOnQUR.js?v=f4ea2192:30290:10
    at new Promise (<anonymous>)
    at GLTFLoader.loadAsync (http://127.0.0.1:5197/node_modules/.vite/deps/three.core-f0FOnQUR.js?v=f4ea2192:30289:10)
    at loadCompanionVrm (http://127.0.0.1:5197/src/utils/loadCompanionVrm.ts:18:28)
    at finishSetup (http://127.0.0.1:5197/src/components/CompanionShowroom.tsx?t=1788631694748:2334:4)
    at http://127.0.0.1:5197/src/components/CompanionShowroom.tsx?t=1788631694748:2492:4
    at http://127.0.0.1:5197/src/components/CompanionShowroom.tsx?t=1788631694748:2493:5
    at Object.react_stack_bottom_frame (http://127.0.0.1:5197/node_modules/.vite/deps/react-dom_client.js?v=625f2f14:12904:13)
 🎮 [wardrobe-compatibility-lab] model_loaded result=settled case=matilda-standard-body-identity slot=matilda
 🎮 [wardrobe-identity-lab] preview_settled result=failed companion=matilda identity=base
[VRM] Full capability audit
Expressions available: [neutral, aa, ih, ou, ee, oh, blink, blinkLeft, blinkRight, angry, relaxed, happy, sad, Surprised]
Humanoid bones: [hips, leftUpperLeg, rightUpperLeg, leftLowerLeg, rightLowerLeg, leftFoot, rightFoot, spine, chest, neck, head, leftShoulder, rightShoulder, leftUpperArm, rightUpperArm, leftLowerArm, rightLowerArm, leftHand, rightHand, leftToes, rightToes, leftEye, rightEye, leftThumbMetacarpal, leftThumbProximal, leftThumbDistal, leftIndexProximal, leftIndexIntermediate, leftIndexDistal, leftMiddleProximal, leftMiddleIntermediate, leftMiddleDistal, leftRingProximal, leftRingIntermediate, leftRingDistal, leftLittleProximal, leftLittleIntermediate, leftLittleDistal, rightThumbMetacarpal, rightThumbProximal, rightThumbDistal, rightIndexProximal, rightIndexIntermediate, rightIndexDistal, rightMiddleProximal, rightMiddleIntermediate, rightMiddleDistal, rightRingProximal, rightRingIntermediate, rightRingDistal, rightLittleProximal, rightLittleIntermediate, rightLittleDistal, upperChest]
VRM version: 0
Has expressionManager: true
Has humanoid: true
Has springBoneManager: true
console.groupEnd
[VRM] Full capability audit
Expressions available: [neutral, aa, ih, ou, ee, oh, blink, blinkLeft, blinkRight, angry, relaxed, happy, sad, Surprised]
Humanoid bones: [hips, leftUpperLeg, rightUpperLeg, leftLowerLeg, rightLowerLeg, leftFoot, rightFoot, spine, chest, neck, head, leftShoulder, rightShoulder, leftUpperArm, rightUpperArm, leftLowerArm, rightLowerArm, leftHand, rightHand, leftToes, rightToes, leftEye, rightEye, leftThumbMetacarpal, leftThumbProximal, leftThumbDistal, leftIndexProximal, leftIndexIntermediate, leftIndexDistal, leftMiddleProximal, leftMiddleIntermediate, leftMiddleDistal, leftRingProximal, leftRingIntermediate, leftRingDistal, leftLittleProximal, leftLittleIntermediate, leftLittleDistal, rightThumbMetacarpal, rightThumbProximal, rightThumbDistal, rightIndexProximal, rightIndexIntermediate, rightIndexDistal, rightMiddleProximal, rightMiddleIntermediate, rightMiddleDistal, rightRingProximal, rightRingIntermediate, rightRingDistal, rightLittleProximal, rightLittleIntermediate, rightLittleDistal, upperChest]
VRM version: 0
Has expressionManager: true
Has humanoid: true
Has springBoneManager: true
console.groupEnd
 🎮 [companion-wardrobe-lab] avatar_bind_pose captured bones=222
🎮 [CompanionMotor] [animation-fetch] [start] name="idle" url=http://127.0.0.1:5197/animations/idle.fbx
 🎮 [wardrobe-compatibility-lab] source_loaded result=settled case=matilda-standard-body-identity slot=matilda
 🎮 [wardrobe-identity-lab] preview_settled result=ready companion=matilda identity=base
🎮 [mixamoRetarget] [compat] [mirrored-arm-rest-x]
🎮 [CompanionMotor] [animation-fetch] [ok] name="idle" retargetedTracks=53
🎮 [CompanionMotor] [animate] [play] "idle" tracks=53 loop=true
 🎮 [wardrobe-selection] cancelled selection=["matilda","/companions/673852811403133503.vrm",null,"none",null,"none"]
 🎮 [wardrobe-selection] cancelled selection=["matilda","/companions/matilda-wardrobe-identity-preserved-v1.vrm",null,"sleeveless-dress",{"id":"sleeveless-dress","tint":"#ffffff"},"none"]
 🎮 [wardrobe-selection] loading selection=["elli","/companions/sample.vrm",null,"none",null,"none"]
 🎮 [wardrobe-selection] loading selection=["elli","/companions/elli-wardrobe-identity-preserved-v1.vrm",null,"sleeveless-dress",{"id":"sleeveless-dress","tint":"#ffffff"},"none"]
 🎮 [wardrobe-certification-lab] preview_selected result=candidate companion=elli item=sleeveless-dress template=ribbon-dress
 🎮 [wardrobe-selection] cancelled selection=["elli","/companions/sample.vrm",null,"none",null,"none"]
 🎮 [wardrobe-selection] loading selection=["elli","/companions/sample.vrm",null,"none",null,"none"]
 🎮 [wardrobe-selection] cancelled selection=["elli","/companions/elli-wardrobe-identity-preserved-v1.vrm",null,"sleeveless-dress",{"id":"sleeveless-dress","tint":"#ffffff"},"none"]
 🎮 [wardrobe-selection] loading selection=["elli","/companions/elli-wardrobe-identity-preserved-v1.vrm",null,"sleeveless-dress",{"id":"sleeveless-dress","tint":"#ffffff"},"none"]
[VRM] Full capability audit
Expressions available: [aa, angry, blink, blinkLeft, blinkRight, ee, happy, ih, lookDown, lookLeft, lookRight, lookUp, neutral, oh, ou, relaxed, sad, surprised]
Humanoid bones: [chest, head, hips, leftEye, leftFoot, leftHand, leftIndexDistal, leftIndexIntermediate, leftIndexProximal, leftLittleDistal, leftLittleIntermediate, leftLittleProximal, leftLowerArm, leftLowerLeg, leftMiddleDistal, leftMiddleIntermediate, leftMiddleProximal, leftRingDistal, leftRingIntermediate, leftRingProximal, leftShoulder, leftThumbDistal, leftThumbMetacarpal, leftThumbProximal, leftToes, leftUpperArm, leftUpperLeg, neck, rightEye, rightFoot, rightHand, rightIndexDistal, rightIndexIntermediate, rightIndexProximal, rightLittleDistal, rightLittleIntermediate, rightLittleProximal, rightLowerArm, rightLowerLeg, rightMiddleDistal, rightMiddleIntermediate, rightMiddleProximal, rightRingDistal, rightRingIntermediate, rightRingProximal, rightShoulder, rightThumbDistal, rightThumbMetacarpal, rightThumbProximal, rightToes, rightUpperArm, rightUpperLeg, spine, upperChest]
VRM version: 1
Has expressionManager: true
Has humanoid: true
Has springBoneManager: true
console.groupEnd
[VRM] Full capability audit
Expressions available: [aa, angry, blink, blinkLeft, blinkRight, ee, happy, ih, lookDown, lookLeft, lookRight, lookUp, neutral, oh, ou, relaxed, sad, surprised]
Humanoid bones: [chest, head, hips, leftEye, leftFoot, leftHand, leftIndexDistal, leftIndexIntermediate, leftIndexProximal, leftLittleDistal, leftLittleIntermediate, leftLittleProximal, leftLowerArm, leftLowerLeg, leftMiddleDistal, leftMiddleIntermediate, leftMiddleProximal, leftRingDistal, leftRingIntermediate, leftRingProximal, leftShoulder, leftThumbDistal, leftThumbMetacarpal, leftThumbProximal, leftToes, leftUpperArm, leftUpperLeg, neck, rightEye, rightFoot, rightHand, rightIndexDistal, rightIndexIntermediate, rightIndexProximal, rightLittleDistal, rightLittleIntermediate, rightLittleProximal, rightLowerArm, rightLowerLeg, rightMiddleDistal, rightMiddleIntermediate, rightMiddleProximal, rightRingDistal, rightRingIntermediate, rightRingProximal, rightShoulder, rightThumbDistal, rightThumbMetacarpal, rightThumbProximal, rightToes, rightUpperArm, rightUpperLeg, spine, upperChest]
VRM version: 1
Has expressionManager: true
Has humanoid: true
Has springBoneManager: true
console.groupEnd
[VRM] Full capability audit
Expressions available: [aa, angry, blink, blinkLeft, blinkRight, ee, happy, ih, lookDown, lookLeft, lookRight, lookUp, neutral, oh, ou, relaxed, sad, surprised]
Humanoid bones: [chest, head, hips, leftEye, leftFoot, leftHand, leftIndexDistal, leftIndexIntermediate, leftIndexProximal, leftLittleDistal, leftLittleIntermediate, leftLittleProximal, leftLowerArm, leftLowerLeg, leftMiddleDistal, leftMiddleIntermediate, leftMiddleProximal, leftRingDistal, leftRingIntermediate, leftRingProximal, leftShoulder, leftThumbDistal, leftThumbMetacarpal, leftThumbProximal, leftToes, leftUpperArm, leftUpperLeg, neck, rightEye, rightFoot, rightHand, rightIndexDistal, rightIndexIntermediate, rightIndexProximal, rightLittleDistal, rightLittleIntermediate, rightLittleProximal, rightLowerArm, rightLowerLeg, rightMiddleDistal, rightMiddleIntermediate, rightMiddleProximal, rightRingDistal, rightRingIntermediate, rightRingProximal, rightShoulder, rightThumbDistal, rightThumbMetacarpal, rightThumbProximal, rightToes, rightUpperArm, rightUpperLeg, spine, upperChest]
VRM version: 1
Has expressionManager: true
Has humanoid: true
Has springBoneManager: true
console.groupEnd
 🎮 [companion-wardrobe-lab] avatar_bind_pose captured bones=154
🎮 [CompanionMotor] [animation-fetch] [start] name="idle" url=http://127.0.0.1:5197/animations/idle.fbx
 🎮 [wardrobe-compatibility-lab] candidate_preview allowed outfit=sleeveless-dress model=/companions/elli-wardrobe-identity-preserved-v1.vrm
[VRM] Full capability audit
Expressions available: [aa, angry, blink, blinkLeft, blinkRight, ee, happy, ih, lookDown, lookLeft, lookRight, lookUp, neutral, oh, ou, relaxed, sad, surprised]
Humanoid bones: [chest, head, hips, leftEye, leftFoot, leftHand, leftIndexDistal, leftIndexIntermediate, leftIndexProximal, leftLittleDistal, leftLittleIntermediate, leftLittleProximal, leftLowerArm, leftLowerLeg, leftMiddleDistal, leftMiddleIntermediate, leftMiddleProximal, leftRingDistal, leftRingIntermediate, leftRingProximal, leftShoulder, leftThumbDistal, leftThumbMetacarpal, leftThumbProximal, leftToes, leftUpperArm, leftUpperLeg, neck, rightEye, rightFoot, rightHand, rightIndexDistal, rightIndexIntermediate, rightIndexProximal, rightLittleDistal, rightLittleIntermediate, rightLittleProximal, rightLowerArm, rightLowerLeg, rightMiddleDistal, rightMiddleIntermediate, rightMiddleProximal, rightRingDistal, rightRingIntermediate, rightRingProximal, rightShoulder, rightThumbDistal, rightThumbMetacarpal, rightThumbProximal, rightToes, rightUpperArm, rightUpperLeg, spine, upperChest]
VRM version: 1
Has expressionManager: true
Has humanoid: true
Has springBoneManager: true
console.groupEnd
 🎮 [companion-wardrobe-lab] avatar_bind_pose captured bones=154
🎮 [CompanionMotor] [animation-fetch] [start] name="idle" url=http://127.0.0.1:5197/animations/idle.fbx
 🎮 [wardrobe-compatibility-lab] source_loaded result=settled case=elli-store-reference slot=elli
 🎮 [wardrobe-identity-lab] preview_settled result=ready companion=elli identity=base
 🎮 [companion-wardrobe-lab] base_clothing visibility=false materials=4
 🎮 [companion-wardrobe-lab] downloaded_outfit applied outfit=sleeveless-dress variant=sleeveless-dress vertices=6282 fit_scale=1.0935 surface_offset=0.025
 🎮 [companion-wardrobe-lab] base_clothing visibility=true materials=4
 🎮 [companion-wardrobe-lab] base_clothing visibility=false materials=4
 🎮 [wardrobe-compatibility-lab] model_loaded result=settled case=elli-store-reference slot=elli
 🎮 [wardrobe-identity-lab] preview_settled result=ready companion=elli identity=base
🎮 [CompanionMotor] [animation-fetch] [ok] name="idle" retargetedTracks=53
🎮 [CompanionMotor] [animation-fetch] [ok] name="idle" retargetedTracks=53
🎮 [CompanionMotor] [animate] [play] "idle" tracks=53 loop=true
🎮 [CompanionMotor] [animate] [play] "idle" tracks=53 loop=true
 🎮 [wardrobe-selection] cancelled selection=["elli","/companions/sample.vrm",null,"none",null,"none"]
 🎮 [wardrobe-selection] cancelled selection=["elli","/companions/elli-wardrobe-identity-preserved-v1.vrm",null,"sleeveless-dress",{"id":"sleeveless-dress","tint":"#ffffff"},"none"]
 🎮 [wardrobe-selection] loading selection=["elli","/companions/sample.vrm",null,"none",null,"none"]
 🎮 [wardrobe-selection] loading selection=["elli","/companions/elli-wardrobe-identity-preserved-v1.vrm",null,"sleeveless-dress",{"id":"sleeveless-dress","tint":"#ffffff"},"crown"]
 🎮 [wardrobe-certification-lab] preview_selected result=candidate companion=elli item=sleeveless-dress template=ribbon-dress
[VRM] Full capability audit
Expressions available: [aa, angry, blink, blinkLeft, blinkRight, ee, happy, ih, lookDown, lookLeft, lookRight, lookUp, neutral, oh, ou, relaxed, sad, surprised]
Humanoid bones: [chest, head, hips, leftEye, leftFoot, leftHand, leftIndexDistal, leftIndexIntermediate, leftIndexProximal, leftLittleDistal, leftLittleIntermediate, leftLittleProximal, leftLowerArm, leftLowerLeg, leftMiddleDistal, leftMiddleIntermediate, leftMiddleProximal, leftRingDistal, leftRingIntermediate, leftRingProximal, leftShoulder, leftThumbDistal, leftThumbMetacarpal, leftThumbProximal, leftToes, leftUpperArm, leftUpperLeg, neck, rightEye, rightFoot, rightHand, rightIndexDistal, rightIndexIntermediate, rightIndexProximal, rightLittleDistal, rightLittleIntermediate, rightLittleProximal, rightLowerArm, rightLowerLeg, rightMiddleDistal, rightMiddleIntermediate, rightMiddleProximal, rightRingDistal, rightRingIntermediate, rightRingProximal, rightShoulder, rightThumbDistal, rightThumbMetacarpal, rightThumbProximal, rightToes, rightUpperArm, rightUpperLeg, spine, upperChest]
VRM version: 1
Has expressionManager: true
Has humanoid: true
Has springBoneManager: true
console.groupEnd
 🎮 [companion-wardrobe-lab] avatar_bind_pose captured bones=154
🎮 [CompanionMotor] [animation-fetch] [start] name="idle" url=http://127.0.0.1:5197/animations/idle.fbx
 🎮 [wardrobe-compatibility-lab] source_loaded result=settled case=elli-store-reference slot=elli
 🎮 [wardrobe-identity-lab] preview_settled result=ready companion=elli identity=base
[VRM] Full capability audit
Expressions available: [aa, angry, blink, blinkLeft, blinkRight, ee, happy, ih, lookDown, lookLeft, lookRight, lookUp, neutral, oh, ou, relaxed, sad, surprised]
Humanoid bones: [chest, head, hips, leftEye, leftFoot, leftHand, leftIndexDistal, leftIndexIntermediate, leftIndexProximal, leftLittleDistal, leftLittleIntermediate, leftLittleProximal, leftLowerArm, leftLowerLeg, leftMiddleDistal, leftMiddleIntermediate, leftMiddleProximal, leftRingDistal, leftRingIntermediate, leftRingProximal, leftShoulder, leftThumbDistal, leftThumbMetacarpal, leftThumbProximal, leftToes, leftUpperArm, leftUpperLeg, neck, rightEye, rightFoot, rightHand, rightIndexDistal, rightIndexIntermediate, rightIndexProximal, rightLittleDistal, rightLittleIntermediate, rightLittleProximal, rightLowerArm, rightLowerLeg, rightMiddleDistal, rightMiddleIntermediate, rightMiddleProximal, rightRingDistal, rightRingIntermediate, rightRingProximal, rightShoulder, rightThumbDistal, rightThumbMetacarpal, rightThumbProximal, rightToes, rightUpperArm, rightUpperLeg, spine, upperChest]
VRM version: 1
Has expressionManager: true
Has humanoid: true
Has springBoneManager: true
console.groupEnd
 🎮 [companion-wardrobe-lab] avatar_bind_pose captured bones=154
🎮 [CompanionMotor] [animation-fetch] [start] name="idle" url=http://127.0.0.1:5197/animations/idle.fbx
 🎮 [companion-wardrobe-lab] accessory_preview applied accessory=crown
 🎮 [wardrobe-compatibility-lab] candidate_preview allowed outfit=sleeveless-dress model=/companions/elli-wardrobe-identity-preserved-v1.vrm
 🎮 [companion-wardrobe-lab] base_clothing visibility=false materials=4
 🎮 [companion-wardrobe-lab] downloaded_outfit applied outfit=sleeveless-dress variant=sleeveless-dress vertices=6282 fit_scale=1.0935 surface_offset=0.025
 🎮 [companion-wardrobe-lab] base_clothing visibility=true materials=4
 🎮 [companion-wardrobe-lab] base_clothing visibility=false materials=4
 🎮 [wardrobe-compatibility-lab] model_loaded result=settled case=elli-store-reference slot=elli
 🎮 [wardrobe-identity-lab] preview_settled result=ready companion=elli identity=base
🎮 [CompanionMotor] [animation-fetch] [ok] name="idle" retargetedTracks=53
🎮 [CompanionMotor] [animation-fetch] [ok] name="idle" retargetedTracks=53
🎮 [CompanionMotor] [animate] [play] "idle" tracks=53 loop=true
🎮 [CompanionMotor] [animate] [play] "idle" tracks=53 loop=true
 🎮 [wardrobe-selection] cancelled selection=["elli","/companions/sample.vrm",null,"none",null,"none"]
 🎮 [wardrobe-selection] cancelled selection=["elli","/companions/elli-wardrobe-identity-preserved-v1.vrm",null,"sleeveless-dress",{"id":"sleeveless-dress","tint":"#ffffff"},"crown"]
 🎮 [wardrobe-selection] loading selection=["elli","/companions/sample.vrm",null,"none",null,"none"]
 🎮 [wardrobe-selection] loading selection=["elli","/companions/elli-wardrobe-identity-preserved-v1.vrm",null,"sleeveless-dress",{"id":"sleeveless-dress","tint":"#ffffff"},"cat-ears"]
 🎮 [wardrobe-certification-lab] preview_selected result=candidate companion=elli item=sleeveless-dress template=ribbon-dress
[VRM] Full capability audit
Expressions available: [aa, angry, blink, blinkLeft, blinkRight, ee, happy, ih, lookDown, lookLeft, lookRight, lookUp, neutral, oh, ou, relaxed, sad, surprised]
Humanoid bones: [chest, head, hips, leftEye, leftFoot, leftHand, leftIndexDistal, leftIndexIntermediate, leftIndexProximal, leftLittleDistal, leftLittleIntermediate, leftLittleProximal, leftLowerArm, leftLowerLeg, leftMiddleDistal, leftMiddleIntermediate, leftMiddleProximal, leftRingDistal, leftRingIntermediate, leftRingProximal, leftShoulder, leftThumbDistal, leftThumbMetacarpal, leftThumbProximal, leftToes, leftUpperArm, leftUpperLeg, neck, rightEye, rightFoot, rightHand, rightIndexDistal, rightIndexIntermediate, rightIndexProximal, rightLittleDistal, rightLittleIntermediate, rightLittleProximal, rightLowerArm, rightLowerLeg, rightMiddleDistal, rightMiddleIntermediate, rightMiddleProximal, rightRingDistal, rightRingIntermediate, rightRingProximal, rightShoulder, rightThumbDistal, rightThumbMetacarpal, rightThumbProximal, rightToes, rightUpperArm, rightUpperLeg, spine, upperChest]
VRM version: 1
Has expressionManager: true
Has humanoid: true
Has springBoneManager: true
console.groupEnd
 🎮 [companion-wardrobe-lab] avatar_bind_pose captured bones=154
🎮 [CompanionMotor] [animation-fetch] [start] name="idle" url=http://127.0.0.1:5197/animations/idle.fbx
 🎮 [wardrobe-compatibility-lab] source_loaded result=settled case=elli-store-reference slot=elli
 🎮 [wardrobe-identity-lab] preview_settled result=ready companion=elli identity=base
[VRM] Full capability audit
Expressions available: [aa, angry, blink, blinkLeft, blinkRight, ee, happy, ih, lookDown, lookLeft, lookRight, lookUp, neutral, oh, ou, relaxed, sad, surprised]
Humanoid bones: [chest, head, hips, leftEye, leftFoot, leftHand, leftIndexDistal, leftIndexIntermediate, leftIndexProximal, leftLittleDistal, leftLittleIntermediate, leftLittleProximal, leftLowerArm, leftLowerLeg, leftMiddleDistal, leftMiddleIntermediate, leftMiddleProximal, leftRingDistal, leftRingIntermediate, leftRingProximal, leftShoulder, leftThumbDistal, leftThumbMetacarpal, leftThumbProximal, leftToes, leftUpperArm, leftUpperLeg, neck, rightEye, rightFoot, rightHand, rightIndexDistal, rightIndexIntermediate, rightIndexProximal, rightLittleDistal, rightLittleIntermediate, rightLittleProximal, rightLowerArm, rightLowerLeg, rightMiddleDistal, rightMiddleIntermediate, rightMiddleProximal, rightRingDistal, rightRingIntermediate, rightRingProximal, rightShoulder, rightThumbDistal, rightThumbMetacarpal, rightThumbProximal, rightToes, rightUpperArm, rightUpperLeg, spine, upperChest]
VRM version: 1
Has expressionManager: true
Has humanoid: true
Has springBoneManager: true
console.groupEnd
 🎮 [companion-wardrobe-lab] avatar_bind_pose captured bones=154
🎮 [CompanionMotor] [animation-fetch] [start] name="idle" url=http://127.0.0.1:5197/animations/idle.fbx
 🎮 [companion-wardrobe-lab] accessory_preview applied accessory=cat-ears
 🎮 [wardrobe-compatibility-lab] candidate_preview allowed outfit=sleeveless-dress model=/companions/elli-wardrobe-identity-preserved-v1.vrm
 🎮 [companion-wardrobe-lab] base_clothing visibility=false materials=4
 🎮 [companion-wardrobe-lab] downloaded_outfit applied outfit=sleeveless-dress variant=sleeveless-dress vertices=6282 fit_scale=1.0935 surface_offset=0.025
 🎮 [companion-wardrobe-lab] base_clothing visibility=true materials=4
 🎮 [companion-wardrobe-lab] base_clothing visibility=false materials=4
 🎮 [wardrobe-compatibility-lab] model_loaded result=settled case=elli-store-reference slot=elli
 🎮 [wardrobe-identity-lab] preview_settled result=ready companion=elli identity=base
🎮 [CompanionMotor] [animation-fetch] [ok] name="idle" retargetedTracks=53
🎮 [CompanionMotor] [animation-fetch] [ok] name="idle" retargetedTracks=53
🎮 [CompanionMotor] [animate] [play] "idle" tracks=53 loop=true
🎮 [CompanionMotor] [animate] [play] "idle" tracks=53 loop=true
 🎮 [wardrobe-selection] cancelled selection=["elli","/companions/sample.vrm",null,"none",null,"none"]
 🎮 [wardrobe-selection] cancelled selection=["elli","/companions/elli-wardrobe-identity-preserved-v1.vrm",null,"sleeveless-dress",{"id":"sleeveless-dress","tint":"#ffffff"},"cat-ears"]
 🎮 [wardrobe-selection] loading selection=["elli","/companions/sample.vrm",null,"none",null,"none"]
 🎮 [wardrobe-selection] loading selection=["elli","/companions/elli-wardrobe-identity-preserved-v1.vrm",null,"sleeveless-dress",{"id":"sleeveless-dress","tint":"#ffffff"},"none"]
 🎮 [wardrobe-certification-lab] preview_selected result=candidate companion=elli item=sleeveless-dress template=ribbon-dress
[VRM] Full capability audit
Expressions available: [aa, angry, blink, blinkLeft, blinkRight, ee, happy, ih, lookDown, lookLeft, lookRight, lookUp, neutral, oh, ou, relaxed, sad, surprised]
Humanoid bones: [chest, head, hips, leftEye, leftFoot, leftHand, leftIndexDistal, leftIndexIntermediate, leftIndexProximal, leftLittleDistal, leftLittleIntermediate, leftLittleProximal, leftLowerArm, leftLowerLeg, leftMiddleDistal, leftMiddleIntermediate, leftMiddleProximal, leftRingDistal, leftRingIntermediate, leftRingProximal, leftShoulder, leftThumbDistal, leftThumbMetacarpal, leftThumbProximal, leftToes, leftUpperArm, leftUpperLeg, neck, rightEye, rightFoot, rightHand, rightIndexDistal, rightIndexIntermediate, rightIndexProximal, rightLittleDistal, rightLittleIntermediate, rightLittleProximal, rightLowerArm, rightLowerLeg, rightMiddleDistal, rightMiddleIntermediate, rightMiddleProximal, rightRingDistal, rightRingIntermediate, rightRingProximal, rightShoulder, rightThumbDistal, rightThumbMetacarpal, rightThumbProximal, rightToes, rightUpperArm, rightUpperLeg, spine, upperChest]
VRM version: 1
Has expressionManager: true
Has humanoid: true
Has springBoneManager: true
console.groupEnd
 🎮 [companion-wardrobe-lab] avatar_bind_pose captured bones=154
🎮 [CompanionMotor] [animation-fetch] [start] name="idle" url=http://127.0.0.1:5197/animations/idle.fbx
 🎮 [wardrobe-compatibility-lab] source_loaded result=settled case=elli-store-reference slot=elli
 🎮 [wardrobe-identity-lab] preview_settled result=ready companion=elli identity=base
[VRM] Full capability audit
Expressions available: [aa, angry, blink, blinkLeft, blinkRight, ee, happy, ih, lookDown, lookLeft, lookRight, lookUp, neutral, oh, ou, relaxed, sad, surprised]
Humanoid bones: [chest, head, hips, leftEye, leftFoot, leftHand, leftIndexDistal, leftIndexIntermediate, leftIndexProximal, leftLittleDistal, leftLittleIntermediate, leftLittleProximal, leftLowerArm, leftLowerLeg, leftMiddleDistal, leftMiddleIntermediate, leftMiddleProximal, leftRingDistal, leftRingIntermediate, leftRingProximal, leftShoulder, leftThumbDistal, leftThumbMetacarpal, leftThumbProximal, leftToes, leftUpperArm, leftUpperLeg, neck, rightEye, rightFoot, rightHand, rightIndexDistal, rightIndexIntermediate, rightIndexProximal, rightLittleDistal, rightLittleIntermediate, rightLittleProximal, rightLowerArm, rightLowerLeg, rightMiddleDistal, rightMiddleIntermediate, rightMiddleProximal, rightRingDistal, rightRingIntermediate, rightRingProximal, rightShoulder, rightThumbDistal, rightThumbMetacarpal, rightThumbProximal, rightToes, rightUpperArm, rightUpperLeg, spine, upperChest]
VRM version: 1
Has expressionManager: true
Has humanoid: true
Has springBoneManager: true
console.groupEnd
 🎮 [companion-wardrobe-lab] avatar_bind_pose captured bones=154
🎮 [CompanionMotor] [animation-fetch] [start] name="idle" url=http://127.0.0.1:5197/animations/idle.fbx
 🎮 [wardrobe-compatibility-lab] candidate_preview allowed outfit=sleeveless-dress model=/companions/elli-wardrobe-identity-preserved-v1.vrm
 🎮 [companion-wardrobe-lab] base_clothing visibility=false materials=4
 🎮 [companion-wardrobe-lab] downloaded_outfit applied outfit=sleeveless-dress variant=sleeveless-dress vertices=6282 fit_scale=1.0935 surface_offset=0.025
 🎮 [companion-wardrobe-lab] base_clothing visibility=true materials=4
 🎮 [companion-wardrobe-lab] base_clothing visibility=false materials=4
 🎮 [wardrobe-compatibility-lab] model_loaded result=settled case=elli-store-reference slot=elli
 🎮 [wardrobe-identity-lab] preview_settled result=ready companion=elli identity=base
🎮 [CompanionMotor] [animation-fetch] [ok] name="idle" retargetedTracks=53
🎮 [CompanionMotor] [animation-fetch] [ok] name="idle" retargetedTracks=53
🎮 [CompanionMotor] [animate] [play] "idle" tracks=53 loop=true
🎮 [CompanionMotor] [animate] [play] "idle" tracks=53 loop=true
[vite] hot updated: /src/index.css
 🎮 [wardrobe-selection] cancelled selection=["elli","/companions/sample.vrm",null,"none",null,"none"]
 🎮 [wardrobe-selection] cancelled selection=["elli","/companions/elli-wardrobe-identity-preserved-v1.vrm",null,"sleeveless-dress",{"id":"sleeveless-dress","tint":"#ffffff"},"none"]
 🎮 [wardrobe-selection] loading selection=["elli","/companions/sample.vrm",null,"none",null,"none"]
 🎮 [wardrobe-selection] loading selection=["elli","/companions/elli-wardrobe-identity-preserved-v1.vrm",null,"sleeveless-dress",{"id":"teal-ribbon-dress","tint":"#64ffd2"},"none"]
 🎮 [wardrobe-certification-lab] preview_selected result=candidate companion=elli item=teal-ribbon-dress template=ribbon-dress
[VRM] Full capability audit
Expressions available: [aa, angry, blink, blinkLeft, blinkRight, ee, happy, ih, lookDown, lookLeft, lookRight, lookUp, neutral, oh, ou, relaxed, sad, surprised]
Humanoid bones: [chest, head, hips, leftEye, leftFoot, leftHand, leftIndexDistal, leftIndexIntermediate, leftIndexProximal, leftLittleDistal, leftLittleIntermediate, leftLittleProximal, leftLowerArm, leftLowerLeg, leftMiddleDistal, leftMiddleIntermediate, leftMiddleProximal, leftRingDistal, leftRingIntermediate, leftRingProximal, leftShoulder, leftThumbDistal, leftThumbMetacarpal, leftThumbProximal, leftToes, leftUpperArm, leftUpperLeg, neck, rightEye, rightFoot, rightHand, rightIndexDistal, rightIndexIntermediate, rightIndexProximal, rightLittleDistal, rightLittleIntermediate, rightLittleProximal, rightLowerArm, rightLowerLeg, rightMiddleDistal, rightMiddleIntermediate, rightMiddleProximal, rightRingDistal, rightRingIntermediate, rightRingProximal, rightShoulder, rightThumbDistal, rightThumbMetacarpal, rightThumbProximal, rightToes, rightUpperArm, rightUpperLeg, spine, upperChest]
VRM version: 1
Has expressionManager: true
Has humanoid: true
Has springBoneManager: true
console.groupEnd
 🎮 [companion-wardrobe-lab] avatar_bind_pose captured bones=154
🎮 [CompanionMotor] [animation-fetch] [start] name="idle" url=http://127.0.0.1:5197/animations/idle.fbx
 🎮 [wardrobe-compatibility-lab] candidate_preview allowed outfit=sleeveless-dress model=/companions/elli-wardrobe-identity-preserved-v1.vrm
[VRM] Full capability audit
Expressions available: [aa, angry, blink, blinkLeft, blinkRight, ee, happy, ih, lookDown, lookLeft, lookRight, lookUp, neutral, oh, ou, relaxed, sad, surprised]
Humanoid bones: [chest, head, hips, leftEye, leftFoot, leftHand, leftIndexDistal, leftIndexIntermediate, leftIndexProximal, leftLittleDistal, leftLittleIntermediate, leftLittleProximal, leftLowerArm, leftLowerLeg, leftMiddleDistal, leftMiddleIntermediate, leftMiddleProximal, leftRingDistal, leftRingIntermediate, leftRingProximal, leftShoulder, leftThumbDistal, leftThumbMetacarpal, leftThumbProximal, leftToes, leftUpperArm, leftUpperLeg, neck, rightEye, rightFoot, rightHand, rightIndexDistal, rightIndexIntermediate, rightIndexProximal, rightLittleDistal, rightLittleIntermediate, rightLittleProximal, rightLowerArm, rightLowerLeg, rightMiddleDistal, rightMiddleIntermediate, rightMiddleProximal, rightRingDistal, rightRingIntermediate, rightRingProximal, rightShoulder, rightThumbDistal, rightThumbMetacarpal, rightThumbProximal, rightToes, rightUpperArm, rightUpperLeg, spine, upperChest]
VRM version: 1
Has expressionManager: true
Has humanoid: true
Has springBoneManager: true
console.groupEnd
 🎮 [companion-wardrobe-lab] avatar_bind_pose captured bones=154
🎮 [CompanionMotor] [animation-fetch] [start] name="idle" url=http://127.0.0.1:5197/animations/idle.fbx
 🎮 [wardrobe-compatibility-lab] source_loaded result=settled case=elli-store-reference slot=elli
 🎮 [wardrobe-identity-lab] preview_settled result=ready companion=elli identity=base
 🎮 [companion-wardrobe-lab] base_clothing visibility=false materials=4
 🎮 [companion-wardrobe-lab] downloaded_outfit applied outfit=sleeveless-dress variant=teal-ribbon-dress vertices=6282 fit_scale=1.0935 surface_offset=0.025
 🎮 [companion-wardrobe-lab] base_clothing visibility=true materials=4
 🎮 [companion-wardrobe-lab] base_clothing visibility=false materials=4
 🎮 [wardrobe-compatibility-lab] model_loaded result=settled case=elli-store-reference slot=elli
 🎮 [wardrobe-identity-lab] preview_settled result=ready companion=elli identity=base
🎮 [CompanionMotor] [animation-fetch] [ok] name="idle" retargetedTracks=53
🎮 [CompanionMotor] [animation-fetch] [ok] name="idle" retargetedTracks=53
🎮 [CompanionMotor] [animate] [play] "idle" tracks=53 loop=true
🎮 [CompanionMotor] [animate] [play] "idle" tracks=53 loop=true
